// Jest Snapshot v1, https://goo.gl/fbAQLP

exports[`CardContainer should match the snapshot 1`] = `
ShallowWrapper {
  "length": 1,
  Symbol(enzyme.__root__): [Circular],
  Symbol(enzyme.__unrendered__): <Unknown
    houses={
        Array [
            Object {
              "ancestralWeapons": Array [
                "Lady Forlorn",
              ],
              "cadetBranches": Array [],
              "coatOfArms": "Three black ravens in flight, holding three red hearts, on a white field(Argent, three ravens volant sable, each clutching in their claws a heart gules)",
              "currentLord": "https://www.anapioficeandfire.com/api/characters/681",
              "diedOut": "",
              "founded": "",
              "founder": "https://www.anapioficeandfire.com/api/characters/256",
              "heir": "https://www.anapioficeandfire.com/api/characters/677",
              "name": "House Corbray of Heart's Home",
              "overlord": "https://www.anapioficeandfire.com/api/houses/7",
              "region": "",
              "seats": Array [
                "Heart's Home",
              ],
              "swornMembers": undefined,
              "titles": undefined,
              "url": "https://www.anapioficeandfire.com/api/houses/81",
              "words": "",
            },
            Object {
              "ancestralWeapons": Array [
                "Lady Forlorn",
              ],
              "cadetBranches": Array [],
              "coatOfArms": "Three black ravens in flight, holding three red hearts, on a white field(Argent, three ravens volant sable, each clutching in their claws a heart gules)",
              "currentLord": "https://www.anapioficeandfire.com/api/characters/681",
              "diedOut": "",
              "founded": "",
              "founder": "https://www.anapioficeandfire.com/api/characters/256",
              "heir": "https://www.anapioficeandfire.com/api/characters/677",
              "name": "House Corbray of Heart's Home",
              "overlord": "https://www.anapioficeandfire.com/api/houses/7",
              "region": "",
              "seats": Array [
                "Heart's Home",
              ],
              "swornMembers": undefined,
              "titles": undefined,
              "url": "https://www.anapioficeandfire.com/api/houses/81",
              "words": "",
            },
          ]
    }
/>,
  Symbol(enzyme.__renderer__): Object {
    "batchedUpdates": [Function],
    "getNode": [Function],
    "render": [Function],
    "simulateEvent": [Function],
    "unmount": [Function],
  },
  Symbol(enzyme.__node__): Object {
    "instance": null,
    "key": undefined,
    "nodeType": "host",
    "props": Object {
      "children": Array [
        <Card
          house={
                    Object {
                              "ancestralWeapons": Array [
                                "Lady Forlorn",
                              ],
                              "cadetBranches": Array [],
                              "coatOfArms": "Three black ravens in flight, holding three red hearts, on a white field(Argent, three ravens volant sable, each clutching in their claws a heart gules)",
                              "currentLord": "https://www.anapioficeandfire.com/api/characters/681",
                              "diedOut": "",
                              "founded": "",
                              "founder": "https://www.anapioficeandfire.com/api/characters/256",
                              "heir": "https://www.anapioficeandfire.com/api/characters/677",
                              "name": "House Corbray of Heart's Home",
                              "overlord": "https://www.anapioficeandfire.com/api/houses/7",
                              "region": "",
                              "seats": Array [
                                "Heart's Home",
                              ],
                              "swornMembers": undefined,
                              "titles": undefined,
                              "url": "https://www.anapioficeandfire.com/api/houses/81",
                              "words": "",
                            }
          }
/>,
        <Card
          house={
                    Object {
                              "ancestralWeapons": Array [
                                "Lady Forlorn",
                              ],
                              "cadetBranches": Array [],
                              "coatOfArms": "Three black ravens in flight, holding three red hearts, on a white field(Argent, three ravens volant sable, each clutching in their claws a heart gules)",
                              "currentLord": "https://www.anapioficeandfire.com/api/characters/681",
                              "diedOut": "",
                              "founded": "",
                              "founder": "https://www.anapioficeandfire.com/api/characters/256",
                              "heir": "https://www.anapioficeandfire.com/api/characters/677",
                              "name": "House Corbray of Heart's Home",
                              "overlord": "https://www.anapioficeandfire.com/api/houses/7",
                              "region": "",
                              "seats": Array [
                                "Heart's Home",
                              ],
                              "swornMembers": undefined,
                              "titles": undefined,
                              "url": "https://www.anapioficeandfire.com/api/houses/81",
                              "words": "",
                            }
          }
/>,
      ],
      "className": "Container",
    },
    "ref": null,
    "rendered": Array [
      Object {
        "instance": null,
        "key": "0",
        "nodeType": "class",
        "props": Object {
          "house": Object {
            "ancestralWeapons": Array [
              "Lady Forlorn",
            ],
            "cadetBranches": Array [],
            "coatOfArms": "Three black ravens in flight, holding three red hearts, on a white field(Argent, three ravens volant sable, each clutching in their claws a heart gules)",
            "currentLord": "https://www.anapioficeandfire.com/api/characters/681",
            "diedOut": "",
            "founded": "",
            "founder": "https://www.anapioficeandfire.com/api/characters/256",
            "heir": "https://www.anapioficeandfire.com/api/characters/677",
            "name": "House Corbray of Heart's Home",
            "overlord": "https://www.anapioficeandfire.com/api/houses/7",
            "region": "",
            "seats": Array [
              "Heart's Home",
            ],
            "swornMembers": undefined,
            "titles": undefined,
            "url": "https://www.anapioficeandfire.com/api/houses/81",
            "words": "",
          },
        },
        "ref": null,
        "rendered": null,
        "type": [Function],
      },
      Object {
        "instance": null,
        "key": "1",
        "nodeType": "class",
        "props": Object {
          "house": Object {
            "ancestralWeapons": Array [
              "Lady Forlorn",
            ],
            "cadetBranches": Array [],
            "coatOfArms": "Three black ravens in flight, holding three red hearts, on a white field(Argent, three ravens volant sable, each clutching in their claws a heart gules)",
            "currentLord": "https://www.anapioficeandfire.com/api/characters/681",
            "diedOut": "",
            "founded": "",
            "founder": "https://www.anapioficeandfire.com/api/characters/256",
            "heir": "https://www.anapioficeandfire.com/api/characters/677",
            "name": "House Corbray of Heart's Home",
            "overlord": "https://www.anapioficeandfire.com/api/houses/7",
            "region": "",
            "seats": Array [
              "Heart's Home",
            ],
            "swornMembers": undefined,
            "titles": undefined,
            "url": "https://www.anapioficeandfire.com/api/houses/81",
            "words": "",
          },
        },
        "ref": null,
        "rendered": null,
        "type": [Function],
      },
    ],
    "type": "div",
  },
  Symbol(enzyme.__nodes__): Array [
    Object {
      "instance": null,
      "key": undefined,
      "nodeType": "host",
      "props": Object {
        "children": Array [
          <Card
            house={
                        Object {
                                    "ancestralWeapons": Array [
                                      "Lady Forlorn",
                                    ],
                                    "cadetBranches": Array [],
                                    "coatOfArms": "Three black ravens in flight, holding three red hearts, on a white field(Argent, three ravens volant sable, each clutching in their claws a heart gules)",
                                    "currentLord": "https://www.anapioficeandfire.com/api/characters/681",
                                    "diedOut": "",
                                    "founded": "",
                                    "founder": "https://www.anapioficeandfire.com/api/characters/256",
                                    "heir": "https://www.anapioficeandfire.com/api/characters/677",
                                    "name": "House Corbray of Heart's Home",
                                    "overlord": "https://www.anapioficeandfire.com/api/houses/7",
                                    "region": "",
                                    "seats": Array [
                                      "Heart's Home",
                                    ],
                                    "swornMembers": undefined,
                                    "titles": undefined,
                                    "url": "https://www.anapioficeandfire.com/api/houses/81",
                                    "words": "",
                                  }
            }
/>,
          <Card
            house={
                        Object {
                                    "ancestralWeapons": Array [
                                      "Lady Forlorn",
                                    ],
                                    "cadetBranches": Array [],
                                    "coatOfArms": "Three black ravens in flight, holding three red hearts, on a white field(Argent, three ravens volant sable, each clutching in their claws a heart gules)",
                                    "currentLord": "https://www.anapioficeandfire.com/api/characters/681",
                                    "diedOut": "",
                                    "founded": "",
                                    "founder": "https://www.anapioficeandfire.com/api/characters/256",
                                    "heir": "https://www.anapioficeandfire.com/api/characters/677",
                                    "name": "House Corbray of Heart's Home",
                                    "overlord": "https://www.anapioficeandfire.com/api/houses/7",
                                    "region": "",
                                    "seats": Array [
                                      "Heart's Home",
                                    ],
                                    "swornMembers": undefined,
                                    "titles": undefined,
                                    "url": "https://www.anapioficeandfire.com/api/houses/81",
                                    "words": "",
                                  }
            }
/>,
        ],
        "className": "Container",
      },
      "ref": null,
      "rendered": Array [
        Object {
          "instance": null,
          "key": "0",
          "nodeType": "class",
          "props": Object {
            "house": Object {
              "ancestralWeapons": Array [
                "Lady Forlorn",
              ],
              "cadetBranches": Array [],
              "coatOfArms": "Three black ravens in flight, holding three red hearts, on a white field(Argent, three ravens volant sable, each clutching in their claws a heart gules)",
              "currentLord": "https://www.anapioficeandfire.com/api/characters/681",
              "diedOut": "",
              "founded": "",
              "founder": "https://www.anapioficeandfire.com/api/characters/256",
              "heir": "https://www.anapioficeandfire.com/api/characters/677",
              "name": "House Corbray of Heart's Home",
              "overlord": "https://www.anapioficeandfire.com/api/houses/7",
              "region": "",
              "seats": Array [
                "Heart's Home",
              ],
              "swornMembers": undefined,
              "titles": undefined,
              "url": "https://www.anapioficeandfire.com/api/houses/81",
              "words": "",
            },
          },
          "ref": null,
          "rendered": null,
          "type": [Function],
        },
        Object {
          "instance": null,
          "key": "1",
          "nodeType": "class",
          "props": Object {
            "house": Object {
              "ancestralWeapons": Array [
                "Lady Forlorn",
              ],
              "cadetBranches": Array [],
              "coatOfArms": "Three black ravens in flight, holding three red hearts, on a white field(Argent, three ravens volant sable, each clutching in their claws a heart gules)",
              "currentLord": "https://www.anapioficeandfire.com/api/characters/681",
              "diedOut": "",
              "founded": "",
              "founder": "https://www.anapioficeandfire.com/api/characters/256",
              "heir": "https://www.anapioficeandfire.com/api/characters/677",
              "name": "House Corbray of Heart's Home",
              "overlord": "https://www.anapioficeandfire.com/api/houses/7",
              "region": "",
              "seats": Array [
                "Heart's Home",
              ],
              "swornMembers": undefined,
              "titles": undefined,
              "url": "https://www.anapioficeandfire.com/api/houses/81",
              "words": "",
            },
          },
          "ref": null,
          "rendered": null,
          "type": [Function],
        },
      ],
      "type": "div",
    },
  ],
  Symbol(enzyme.__options__): Object {
    "adapter": ReactSixteenAdapter {
      "options": Object {
        "enableComponentDidUpdateOnSetState": true,
      },
    },
  },
}
`;
